// Jest Snapshot v1, https://goo.gl/fbAQLP

exports[`renders correctly 1`] = `
.c0 {
  width: 1140px;
  max-width: 94%;
  margin: 0 auto;
}

.c1 {
  font-size: 3rem;
  margin: 0;
}

.c2 {
  padding: 0 1rem;
  margin: 0;
  list-style: square;
}

.c2:last-of-type {
  margin-bottom: 3rem;
}

@media print {
  .c1 {
    font-size: 22pt;
  }
}

<div
  class="c0"
>
  <h1
    class="c1"
  >
    Chuckz Uses
  </h1>
  <p>
    Welcome to my "Uses" page, that lists some of the hardware and software I use on a daily basis.
  </p>
  <h2>
    Hardware
  </h2>
  <ul
    class="c2"
  >
    <li>
      <strong>
        <a
          href="#"
          rel="noopener noreferrer"
          target="_blank"
        >
          HP Pavillion 15.6"
        </a>
      </strong>
       
      (2.4 GHz i5 CPU, * GB Ram, 512GB SSD storage)
    </li>
    <li>
      <strong>
        <a
          href="#"
          rel="noopener noreferrer"
          target="_blank"
        >
          Acer Desktop Monitor
        </a>
      </strong>
    </li>
    <li>
      <strong>
        <a
          href="#"
          rel="noopener noreferrer"
          target="_blank"
        >
          Apple Ipad2
        </a>
      </strong>
    </li>
    <li>
      <strong>
        <a
          href="#"
          rel="noopener noreferrer"
          target="_blank"
        >
          Xiaomi Mi A3
        </a>
      </strong>
    </li>
  </ul>
  <h2>
    Development Tools
  </h2>
  <ul
    class="c2"
  >
    <li>
      <strong>
        <a
          href="https://www.jetbrains.com/pycharm"
          rel="noopener noreferrer"
          target="_blank"
        >
          PyCharm Professional
        </a>
      </strong>
       
    </li>
    <li>
      <strong>
        <a
          href="https://www.jetbrains.com/webstorm/"
          rel="noopener noreferrer"
          target="_blank"
        >
          Webstorm Professional
        </a>
      </strong>
       
    </li>
  </ul>
  <h2>
    Design Tools
  </h2>
  <ul
    class="c2"
  >
    <li>
      <strong>
        <a
          href="#"
          rel="noopener noreferrer"
          target="_blank"
        >
          Adobe Photoshop CS6
        </a>
      </strong>
    </li>
  </ul>
  <h2>
    Productivity
  </h2>
  <ul
    class="c2"
  >
    <li>
      <strong>
        <a
          href="https://slack.com/"
          rel="noopener noreferrer"
          target="_blank"
        >
          Slack
        </a>
      </strong>
       
      for communication
    </li>
  </ul>
  <h2>
    Various other software
  </h2>
  <ul
    class="c2"
  >
    <li>
      <strong>
        <a
          href="https://www.google.com/chrome/canary/"
          rel="noopener noreferrer"
          target="_blank"
        >
          Google Chrome
        </a>
      </strong>
       
      (Canary) for development
    </li>
  </ul>
</div>
`;
